<html>
<body>
<pre>
<h1>µVision Build Log</h1>
<h2>Project:</h2>
D:\MojePliki\Git\PN_AGH\ARM\Cwiczenia\ARM_PN.uvproj
Project File Date:  11/19/2022

<h2>Output:</h2>
Rebuild target 'Target 1'
assembling Startup.s...
assembling main.s...
main.s(1): warning: A1313W: Missing END directive at end of file
linking...
.\ARM_PN.axf: Warning: L6665W: Neither Lib$$Request$$armlib Lib$$Request$$cpplib defined, not searching ARM libraries.
.\ARM_PN.axf: Error: L6411E: No compatible library exists with a definition of startup symbol __main.
".\ARM_PN.axf" - 1 Errors, 2 Warning(s).
Target not created
Rebuild target 'Target 1'
assembling Startup.s...
assembling main.s...
main.s(2): warning: A1313W: Missing END directive at end of file
linking...
.\ARM_PN.axf: Warning: L6665W: Neither Lib$$Request$$armlib Lib$$Request$$cpplib defined, not searching ARM libraries.
.\ARM_PN.axf: Error: L6411E: No compatible library exists with a definition of startup symbol __main.
".\ARM_PN.axf" - 1 Errors, 2 Warning(s).
Target not created
Rebuild target 'Target 1'
assembling Startup.s...
assembling main.s...
main.s(2): error: A1023E: File "LPC213x.s" could not be opened: No such file or directory
main.s(10): error: A1163E: Unknown opcode main_loop , expecting opcode or Macro
".\ARM_PN.axf" - 2 Errors, 0 Warning(s).
Target not created
Rebuild target 'Target 1'
assembling Startup.s...
assembling main.s...
main.s(2): error: A1023E: File "LPC213x.s" could not be opened: No such file or directory
main.s(10): error: A1163E: Unknown opcode main_loop , expecting opcode or Macro
assembling 6_LPC213x.s...
".\ARM_PN.axf" - 2 Errors, 0 Warning(s).
Target not created
Rebuild target 'Target 1'
assembling Startup.s...
assembling main.s...
main.s(10): error: A1163E: Unknown opcode main_loop , expecting opcode or Macro
assembling LPC213x.s...
".\ARM_PN.axf" - 1 Errors, 0 Warning(s).
Target not created
Rebuild target 'Target 1'
assembling Startup.s...
assembling main.s...
assembling LPC213x.s...
linking...
.\ARM_PN.sct(8): warning: L6314W: No section matches pattern *(InRoot$$Sections).
Program Size: Code=276 RO-data=0 RW-data=0 ZI-data=1160  
FromELF: creating hex file...
".\ARM_PN.axf" - 0 Errors, 1 Warning(s).
Rebuild target 'Target 1'
assembling Startup.s...
assembling main.s...
assembling LPC213x.s...
linking...
.\ARM_PN.sct(8): warning: L6314W: No section matches pattern *(InRoot$$Sections).
Program Size: Code=276 RO-data=0 RW-data=0 ZI-data=1160  
FromELF: creating hex file...
".\ARM_PN.axf" - 0 Errors, 1 Warning(s).
Rebuild target 'Target 1'
assembling Startup.s...
assembling main.s...
main.s(12): error: A1163E: Unknown opcode loop1000 , expecting opcode or Macro
assembling LPC213x.s...
".\ARM_PN.axf" - 1 Errors, 0 Warning(s).
Target not created
Rebuild target 'Target 1'
assembling Startup.s...
assembling main.s...
assembling LPC213x.s...
linking...
.\ARM_PN.sct(8): warning: L6314W: No section matches pattern *(InRoot$$Sections).
Program Size: Code=284 RO-data=0 RW-data=0 ZI-data=1160  
FromELF: creating hex file...
".\ARM_PN.axf" - 0 Errors, 1 Warning(s).
Rebuild target 'Target 1'
assembling Startup.s...
assembling main.s...
main.s(12): error: A1167E: Invalid line start 
assembling LPC213x.s...
".\ARM_PN.axf" - 1 Errors, 0 Warning(s).
Target not created
Rebuild target 'Target 1'
assembling Startup.s...
assembling main.s...
assembling LPC213x.s...
linking...
.\ARM_PN.sct(8): warning: L6314W: No section matches pattern *(InRoot$$Sections).
Program Size: Code=284 RO-data=0 RW-data=0 ZI-data=1160  
FromELF: creating hex file...
".\ARM_PN.axf" - 0 Errors, 1 Warning(s).
Rebuild target 'Target 1'
assembling Startup.s...
assembling main.s...
assembling LPC213x.s...
linking...
.\ARM_PN.sct(8): warning: L6314W: No section matches pattern *(InRoot$$Sections).
Program Size: Code=284 RO-data=0 RW-data=0 ZI-data=1160  
FromELF: creating hex file...
".\ARM_PN.axf" - 0 Errors, 1 Warning(s).
Rebuild target 'Target 1'
assembling Startup.s...
assembling main.s...
assembling LPC213x.s...
linking...
.\ARM_PN.sct(8): warning: L6314W: No section matches pattern *(InRoot$$Sections).
Program Size: Code=288 RO-data=0 RW-data=0 ZI-data=1160  
FromELF: creating hex file...
".\ARM_PN.axf" - 0 Errors, 1 Warning(s).
Rebuild target 'Target 1'
assembling Startup.s...
assembling main.s...
assembling LPC213x.s...
linking...
.\ARM_PN.sct(8): warning: L6314W: No section matches pattern *(InRoot$$Sections).
Program Size: Code=288 RO-data=0 RW-data=0 ZI-data=1160  
FromELF: creating hex file...
".\ARM_PN.axf" - 0 Errors, 1 Warning(s).
Rebuild target 'Target 1'
assembling Startup.s...
assembling main.s...
assembling LPC213x.s...
linking...
.\ARM_PN.sct(8): warning: L6314W: No section matches pattern *(InRoot$$Sections).
Program Size: Code=288 RO-data=0 RW-data=0 ZI-data=1160  
FromELF: creating hex file...
".\ARM_PN.axf" - 0 Errors, 1 Warning(s).
Rebuild target 'Target 1'
assembling Startup.s...
assembling main.s...
assembling LPC213x.s...
linking...
.\ARM_PN.sct(8): warning: L6314W: No section matches pattern *(InRoot$$Sections).
Program Size: Code=288 RO-data=0 RW-data=0 ZI-data=1160  
FromELF: creating hex file...
".\ARM_PN.axf" - 0 Errors, 1 Warning(s).
Rebuild target 'Target 1'
assembling Startup.s...
assembling main.s...
assembling LPC213x.s...
linking...
.\ARM_PN.sct(8): warning: L6314W: No section matches pattern *(InRoot$$Sections).
Program Size: Code=288 RO-data=0 RW-data=0 ZI-data=1160  
FromELF: creating hex file...
".\ARM_PN.axf" - 0 Errors, 1 Warning(s).
Rebuild target 'Target 1'
assembling Startup.s...
assembling main.s...
assembling LPC213x.s...
linking...
.\ARM_PN.sct(8): warning: L6314W: No section matches pattern *(InRoot$$Sections).
Program Size: Code=288 RO-data=0 RW-data=0 ZI-data=1160  
FromELF: creating hex file...
".\ARM_PN.axf" - 0 Errors, 1 Warning(s).
Rebuild target 'Target 1'
assembling Startup.s...
assembling main.s...
assembling LPC213x.s...
linking...
.\ARM_PN.sct(8): warning: L6314W: No section matches pattern *(InRoot$$Sections).
Program Size: Code=288 RO-data=0 RW-data=0 ZI-data=1160  
FromELF: creating hex file...
".\ARM_PN.axf" - 0 Errors, 1 Warning(s).
