<html>
<body>
<pre>
<h1>µVision Build Log</h1>
<h2>Project:</h2>
D:\MojePliki\Git\PN_AGH\ARM\Cwiczenia\ARM_PN.uvproj
Project File Date:  11/19/2022

<h2>Output:</h2>
Rebuild target 'Target 1'
assembling Startup.s...
assembling main.s...
assembling LPC213x.s...
linking...
.\ARM_PN.sct(8): warning: L6314W: No section matches pattern *(InRoot$$Sections).
Program Size: Code=388 RO-data=0 RW-data=0 ZI-data=1160  
FromELF: creating hex file...
".\ARM_PN.axf" - 0 Errors, 1 Warning(s).
Rebuild target 'Target 1'
assembling Startup.s...
assembling main.s...
assembling LPC213x.s...
linking...
.\ARM_PN.sct(8): warning: L6314W: No section matches pattern *(InRoot$$Sections).
Program Size: Code=388 RO-data=0 RW-data=0 ZI-data=1160  
FromELF: creating hex file...
".\ARM_PN.axf" - 0 Errors, 1 Warning(s).
Rebuild target 'Target 1'
assembling Startup.s...
assembling main.s...
main.s(27): error: A1586E: Bad operand types (UnDefOT, Constant) for operator (
assembling LPC213x.s...
".\ARM_PN.axf" - 1 Errors, 0 Warning(s).
Target not created
Rebuild target 'Target 1'
assembling Startup.s...
assembling main.s...
main.s(27): error: A1586E: Bad operand types (UnDefOT, Constant) for operator (
assembling LPC213x.s...
".\ARM_PN.axf" - 1 Errors, 0 Warning(s).
Target not created
Rebuild target 'Target 1'
assembling Startup.s...
assembling main.s...
assembling LPC213x.s...
linking...
.\ARM_PN.sct(8): warning: L6314W: No section matches pattern *(InRoot$$Sections).
Program Size: Code=392 RO-data=0 RW-data=0 ZI-data=1160  
FromELF: creating hex file...
".\ARM_PN.axf" - 0 Errors, 1 Warning(s).
Rebuild target 'Target 1'
assembling Startup.s...
assembling main.s...
assembling LPC213x.s...
linking...
.\ARM_PN.sct(8): warning: L6314W: No section matches pattern *(InRoot$$Sections).
Program Size: Code=392 RO-data=0 RW-data=0 ZI-data=1160  
FromELF: creating hex file...
".\ARM_PN.axf" - 0 Errors, 1 Warning(s).
Rebuild target 'Target 1'
assembling Startup.s...
assembling main.s...
assembling LPC213x.s...
linking...
.\ARM_PN.sct(8): warning: L6314W: No section matches pattern *(InRoot$$Sections).
Program Size: Code=400 RO-data=0 RW-data=0 ZI-data=1160  
FromELF: creating hex file...
".\ARM_PN.axf" - 0 Errors, 1 Warning(s).
Rebuild target 'Target 1'
assembling Startup.s...
assembling main.s...
assembling LPC213x.s...
linking...
.\ARM_PN.sct(8): warning: L6314W: No section matches pattern *(InRoot$$Sections).
Program Size: Code=392 RO-data=0 RW-data=0 ZI-data=1160  
FromELF: creating hex file...
".\ARM_PN.axf" - 0 Errors, 1 Warning(s).
Rebuild target 'Target 1'
assembling Startup.s...
assembling main.s...
assembling LPC213x.s...
linking...
.\ARM_PN.sct(8): warning: L6314W: No section matches pattern *(InRoot$$Sections).
Program Size: Code=392 RO-data=0 RW-data=0 ZI-data=1160  
FromELF: creating hex file...
".\ARM_PN.axf" - 0 Errors, 1 Warning(s).
