<html>
<body>
<pre>
<h1>µVision Build Log</h1>
<h2>Project:</h2>
D:\MojePliki\Git\PN_AGH\ARM\kolokwium\kolos.uvproj
Project File Date:  11/30/2022

<h2>Output:</h2>
Rebuild target 'Target 1'
assembling Startup.s...
assembling main.s...
main.s(2): error: A1023E: File "LPC213x.s" could not be opened: No such file or directory
".\kolos.axf" - 1 Errors, 0 Warning(s).
Target not created
Rebuild target 'Target 1'
assembling Startup.s...
assembling main.s...
assembling LPC213x.s...
linking...
Program Size: Code=4 RO-data=0 RW-data=0 ZI-data=0  
".\kolos.axf" - 0 Errors, 0 Warning(s).
Rebuild target 'Target 1'
assembling Startup.s...
assembling main.s...
main.s(20): error: A1477E: This register combination results in UNPREDICTABLE behaviour
assembling LPC213x.s...
".\kolos.axf" - 1 Errors, 0 Warning(s).
Target not created
Rebuild target 'Target 1'
assembling Startup.s...
assembling main.s...
main.s(20): error: A1477E: This register combination results in UNPREDICTABLE behaviour
assembling LPC213x.s...
".\kolos.axf" - 1 Errors, 0 Warning(s).
Target not created
Rebuild target 'Target 1'
assembling Startup.s...
assembling main.s...
main.s(20): error: A1477E: This register combination results in UNPREDICTABLE behaviour
assembling LPC213x.s...
".\kolos.axf" - 1 Errors, 0 Warning(s).
Target not created
Rebuild target 'Target 1'
assembling Startup.s...
assembling main.s...
assembling LPC213x.s...
linking...
Program Size: Code=32 RO-data=0 RW-data=0 ZI-data=0  
".\kolos.axf" - 0 Errors, 0 Warning(s).
Rebuild target 'Target 1'
assembling Startup.s...
assembling main.s...
main.s(74): warning: A1581W: Added 2 bytes of padding at address 0x96
assembling LPC213x.s...
linking...
Program Size: Code=172 RO-data=0 RW-data=0 ZI-data=0  
".\kolos.axf" - 0 Errors, 1 Warning(s).
Rebuild target 'Target 1'
assembling Startup.s...
assembling main.s...
main.s(91): warning: A1581W: Added 2 bytes of padding at address 0xc6
assembling LPC213x.s...
linking...
Program Size: Code=228 RO-data=0 RW-data=0 ZI-data=0  
".\kolos.axf" - 0 Errors, 1 Warning(s).
Rebuild target 'Target 1'
assembling Startup.s...
assembling main.s...
main.s(95): warning: A1581W: Added 2 bytes of padding at address 0xd2
assembling LPC213x.s...
linking...
Program Size: Code=240 RO-data=0 RW-data=0 ZI-data=0  
".\kolos.axf" - 0 Errors, 1 Warning(s).
Rebuild target 'Target 1'
assembling Startup.s...
assembling main.s...
main.s(116): warning: A1581W: Added 2 bytes of padding at address 0x102
assembling LPC213x.s...
linking...
Program Size: Code=288 RO-data=0 RW-data=0 ZI-data=0  
".\kolos.axf" - 0 Errors, 1 Warning(s).
Rebuild target 'Target 1'
assembling Startup.s...
assembling main.s...
main.s(116): warning: A1581W: Added 2 bytes of padding at address 0x102
assembling LPC213x.s...
linking...
.\kolos.sct(8): warning: L6314W: No section matches pattern *(InRoot$$Sections).
Program Size: Code=560 RO-data=0 RW-data=0 ZI-data=1160  
FromELF: creating hex file...
".\kolos.axf" - 0 Errors, 2 Warning(s).
Rebuild target 'Target 1'
assembling Startup.s...
assembling main.s...
main.s(116): warning: A1581W: Added 2 bytes of padding at address 0x102
assembling LPC213x.s...
linking...
.\kolos.sct(8): warning: L6314W: No section matches pattern *(InRoot$$Sections).
Program Size: Code=560 RO-data=0 RW-data=0 ZI-data=1160  
FromELF: creating hex file...
".\kolos.axf" - 0 Errors, 2 Warning(s).
Rebuild target 'Target 1'
assembling Startup.s...
assembling main.s...
main.s(120): warning: A1581W: Added 2 bytes of padding at address 0x10e
assembling LPC213x.s...
linking...
.\kolos.sct(8): warning: L6314W: No section matches pattern *(InRoot$$Sections).
Program Size: Code=572 RO-data=0 RW-data=0 ZI-data=1160  
FromELF: creating hex file...
".\kolos.axf" - 0 Errors, 2 Warning(s).
Rebuild target 'Target 1'
assembling Startup.s...
assembling main.s...
main.s(120): warning: A1581W: Added 2 bytes of padding at address 0x10e
assembling LPC213x.s...
linking...
.\kolos.sct(8): warning: L6314W: No section matches pattern *(InRoot$$Sections).
Program Size: Code=572 RO-data=0 RW-data=0 ZI-data=1160  
FromELF: creating hex file...
".\kolos.axf" - 0 Errors, 2 Warning(s).
Rebuild target 'Target 1'
assembling Startup.s...
assembling main.s...
main.s(120): warning: A1581W: Added 2 bytes of padding at address 0x10e
assembling LPC213x.s...
linking...
.\kolos.sct(8): warning: L6314W: No section matches pattern *(InRoot$$Sections).
Program Size: Code=572 RO-data=0 RW-data=0 ZI-data=1160  
FromELF: creating hex file...
".\kolos.axf" - 0 Errors, 2 Warning(s).
Rebuild target 'Target 1'
assembling Startup.s...
assembling main.s...
main.s(120): warning: A1581W: Added 2 bytes of padding at address 0x10e
assembling LPC213x.s...
linking...
.\kolos.sct(8): warning: L6314W: No section matches pattern *(InRoot$$Sections).
Program Size: Code=572 RO-data=0 RW-data=0 ZI-data=1160  
FromELF: creating hex file...
".\kolos.axf" - 0 Errors, 2 Warning(s).
Rebuild target 'Target 1'
assembling Startup.s...
assembling main.s...
main.s(120): warning: A1581W: Added 2 bytes of padding at address 0x10e
assembling LPC213x.s...
linking...
.\kolos.sct(8): warning: L6314W: No section matches pattern *(InRoot$$Sections).
Program Size: Code=572 RO-data=0 RW-data=0 ZI-data=1160  
FromELF: creating hex file...
".\kolos.axf" - 0 Errors, 2 Warning(s).
